<?php
$a = [1, 2];
func([1, 2]);
$a = [
	1,
	2,
];
?>