<?php
function func($a, $b, array $c = [], array $d = [], $e) {
	cmd();
}