<?php
function func($a) {
	if ($detailed) {
		if (isset($obj, $obj->ID, $obj->DN)) {
			$res['o'] = [
				'id'   => (string) $obj->ID,
				'name' => (string) $obj->N,
			];
		}
		$res['b'] = [];
		foreach ($obj->Buckets->Bucket as $b) {
			$res['b'][] = [
				'name' => (string) $b->N,
				'time' => strtotime((string) $b->CD),
			];
		}
	} else {
		foreach ($obj->Buckets->Bucket as $b) {
			$res[] = (string) $b->N;
		}
	}

	return $res;
}