<?php
$opts = [
	'k' => [
		'k' => 0,
		'l' => 1,
	],
];