<?php
$params = [
	'k' => [12, 15],
	'l' => [$a, $b],
	'm' => [$a['b'], 2],
];
