<?php
$a = [1, 2];
$a = [
	1,
	2,
];
$a = [[]];
$a = [
	['k' => 'v'],
];
$a = [
	[
		'k' => 'v',
		'k' => 'v',
	],
];