<?php
$arr = [
	$a, // Comment
	$bbb, // Comment 2
];