<?php
$arr = [
	$a, // Comment
	$bbb, // Comment 2
];

call1(); // Comment 3
call_longer_name(); // Comment 4