<?php
//comment
function func(array $var) {
	return StaticClass::get()->execute(CONSTANT_NAME, 8, //comment2
		[$this, 'do'], $var);
}