<?php
if ($a == $b && $a == $c) {
	$v = $a;
} else {
	$r  = func($af);
	$bo = func2($af, $r[0]['a']);
	if ($bo <= $r[0]['b']) {
		$v = $a;
	} elseif ($bo <= $r[1]['b']) {
		$v = $b;
	} else {
		$v = $c;
	}
	unset($bo);
}