<?php
$exclude_dirs = [
	'a/',
	'b/',
	'c/',
	'd/',
	/* comment

	 */
];