<?php
$obj = new ClassObjects();
$arr = [
	ConstangBag::ConstantName => ConstangBag::ConstantName,
];

$obj = new ClassObjects();
$arr = [
	ConstangBag::ConstantName => ConstangBag::ConstantName,
];