<?php
$related_others = ["${keywords}abc",
	"${keywords}abcd",
];

function a() {
	echo 'a';
}
