<?php
$x = ['foo',
	/* boo */
];
$x = ['foo', /* boo */
];
$x = [
	['foo',
	],
];
