<?php
$x = [
	[1],
];

$x = [
	// Comment
];
$x = [
	/* Comment */
];

$x = [1, 2, 3,
	4, 5, 6];

$x = [1, 2, 3,
	4, 5, 6,
];

$x = [
	3,
	[
		4,
		($var ? 1 : 0),
		($var ? [$b] : !($c)),
		[
			5,
			[
				(2),
			],
		],
	],
];
$x = [
	3,
	[
		4,
		($var ? 1 : 0),
		($var ? [$b] : !($c)),
		[
			5,
			[
				(2),
			],
		],
	],
];
$x = [
	/* Comment */
];
$x = [
	// Comment
];

$var = [
	'supercalifral',
	// line comment
];

$var = [
	'supercalifral',
	/* comment */
];
