<?php
return [
	new SomeClass(
		new \ThirdClass([]),
		'render'
	),
];