<?php
//passes:TwoCommandsInSameLine,OrderAndRemoveUseClauses,AddMissingCurlyBraces,SmartLnAfterCurlyOpen,NormalizeLnAndLtrimLines,MergeParenCloseWithCurlyOpen,MergeCurlyCloseAndDoWhile,MergeDoubleArrowAndArray,ExtraCommaInArray,ResizeSpaces,Reindent,ReindentColonBlocks,ReindentObjOps,EliminateDuplicatedEmptyLines,AlignEquals,AlignDoubleArrow,RTrim,NormalizeLnAndLtrimLines,Reindent,OrganizeClass

abstract class A {
	abstract public function b();

	public function setA($a) {
		$this->a = $a;
	}
}
