<?php
$varArray = [
	'a' => 'b',
];

$var3 = <<<EOA
data
data
data
EOA;

$varArray = [
	'a' => 'b',
];

$varArray = [
	'c' => 'd',
];

$var4 = '';

$varArray = [
	'c' => 'd',
];
