<?php
$obj->cmd('string', [new SomeClass('bar')])
    ->setValue('value');
