<?php
$obj->method(
	new SomeAmazingClass('en', ['messages' => ['a' => 'old_a', 'b' => 'old_b']]),
	new SomeAmazingClass('en', ['messages' => ['a' => 'old_a', 'b' => 'old_b']])
)->methodB();