<?php
$obj->property + [];
$params + [];
$now->format('U') + (int) $expires;
foreach ($this->_files as &$file) {
}

foreach ($this->_files as $k => &$file) {
}
[&$Schema, $table];