<?php

[
	'conditions' => ["{$type}0.alias" => $start],
];
?>
