<?php
//passes:MergeNamespaceWithOpenTag,NoSpaceAfterPHPDocBlocks,StripNewlineAfterCurlyOpen,StripNewlineAfterClassOpen,PrettyPrintDocBlocks,AlignTypehint,AlignDoubleSlashComments,DocBlockToComment,WordWrap,PSR2EmptyFunction
$a . $b;
