<?php

$arr = [
	1,
	2,
];
$arr = [
	1,
	2,
];

$arr = [
	1,
	2];
$arr = [
	1,
	2];

$arr = [
	1,
	2, // Comment
];
$arr = [
	1,
	2, // Comment
];

$arr = [
	1,
	2/*Comment*/];
$arr = [
	1,
	2/*Comment*/];