<?php
//passes:Default,StripExtraCommaInArray
$arr = [
	1,
	2];
$arr = [
	1,
	2];

$arr = [
	1,
	2 // Comment
];
$arr = [
	1,
	2 // Comment
];

$arr = [
	1,
	2/*Comment*/];
$arr = [
	1,
	2/*Comment*/];

$a[0][0];

func();

[];

();