<?php
//passes:Default,AlignTypehint
function a(
	TypeA     $a,
	TypeBB    $bb,
	TypeCCC   $ccc = [],
	TypeDDDD  $dddd,
	TypeEEEEE $eeeee
) {
	noop();
}
