<?php
foo(1, [2, 3, 4], 5);

list($a, $b, , , $c) = foo();

foo($a, /* */ $b, /* */ $c);