<?php
//passes:Default,ReindentObjOps
class Aa {
	public function c() {
		$this->methodName()
			->secondMethod()
			->thirdMethod();

		$a->app['scheduler'] = $this->getMockBuilder('somestring')
			->setConstructorArgs([$this->app])
			->setMethods(['getCurrentLongIp'])
			->getMock();
	}

	public function d() {
		$this
			->methodName()
			->secondMethod()
			->thirdMethod();

		$a->app['scheduler'] = $this
			->getMockBuilder('somestring')
			->setConstructorArgs([$this->app])
			->setMethods(['getCurrentLongIp'])
			->getMock();
	}
}
