<?php
$a = [
	'k1' => false, // COMMENT

	'k2' => [ // COMMENT
	],
];

$a = [
	'k1' => false, // COMMENT

	'k2' => [ // COMMENT
	],
];