<?php
$utf8 = [
	'aitė\b' => 'as',
	'ytė\b'  => 'is',
	'iūtė\b' => 'ius',
	'utė\b'  => 'us',
];
