<?php
//passes:OrganizeClass

class A {
	/* $a */

	/**
	 * @param $a
	 * @param $b
	 */
	public function a($a, $b) {

	}

	/**
	 * @param $b
	 * @param $c
	 */
	public function b($b, $c) {

	}
}
