<?php
//passes:AlignEquals,AlignDoubleArrow,AlignDoubleSlashComments,AlignGroupDoubleArrow,ReindentAndAlignObjOps,ReindentSwitchBlocks
switch ($a) {
	case 'a':
		$query = ' select a from b
inner join c on b.id = c.id';
		break;
}
