<?php
//passes:RemoveSemicolonAfterCurly
$value = 'hello';
echo $value{2};
